I'm sorry, but errors were detected in your script. Please correct the
errors listed below, and try again.


File "game/script.rpy", line 26: expected ':' not found.
    transform center
                    ^

Ren'Py Version: Ren'Py 7.1.3.1092
Tue Dec 04 15:32:30 2018
